---
source: diagweave/tests/report_snapshots.rs
expression: output
---
{"schema_version":"v0.1.0","error":{"message":"api unauthorized","type":"report_snapshots::report_common::ApiError"},"metadata":{"error_code":null,"severity":null,"category":null,"retryable":null},"diagnostic_bag":{"stack_trace":null,"display_causes":null,"origin_source_errors":{"roots":[0],"nodes":[{"message":"auth invalid token [code=AUTH.INVALID_TOKEN, severity=error, request_id=tx-json-snap, snapshot test note]","type":null,"source_roots":[]}],"truncated":false,"cycle_detected":false},"diagnostic_source_errors":null},"trace":null,"context":{},"system":{"service":{},"deployment":{},"runtime":{},"request":{}},"attachments":[]}
