---
source: diagweave/tests/report_snapshots.rs
expression: output
---
{"records":[{"name":"exception","body":{"KvList":[{"key":"message","value":{"String":"auth invalid token"}},{"key":"type","value":{"String":"report_snapshots::report_common::AuthError"}}]},"timestamp_unix_nano":null,"observed_timestamp_unix_nano":null,"severity_text":"error","severity_number":17,"trace_id":null,"span_id":null,"trace_flags":null,"attributes":[{"key":"exception.type","value":{"String":"report_snapshots::report_common::AuthError"}},{"key":"exception.message","value":{"String":"auth invalid token"}},{"key":"error.code","value":{"String":"AUTH.INVALID_TOKEN"}},{"key":"request_id","value":{"String":"tx-otel-1"}},{"key":"attachment.note","value":{"String":"otel snapshot note"}}]}]}
